.title "Request Biblio Update"
.category "Staff Request"
.layout member_list title="Member List"
.column bibid title="bibid"
.column field_entry1 title="field_entry1"
.column field_entry2 title="field_entry2"
.parameters
.	string content title="Result"
.end parameters

.sql
SELECT bc.bibid,
       title_field.field_entry AS field_entry1,
       author_field.field_entry AS field_entry2
FROM (
    SELECT id AS bibid
    FROM cart
) c
JOIN biblio_copy bc ON c.bibid = bc.bibid
LEFT JOIN (
    SELECT bibid,
           GROUP_CONCAT(subfield_data ORDER BY subfield_data SEPARATOR ',') AS field_entry
    FROM biblio_subfield
    WHERE (bibid, fieldid) IN (
        SELECT bibid, MIN(fieldid) + 2
        FROM biblio_subfield
        GROUP BY bibid
    )
    GROUP BY bibid
) title_field ON bc.bibid = title_field.bibid
LEFT JOIN (
    SELECT bibid,
           GROUP_CONCAT(subfield_data ORDER BY subfield_data SEPARATOR ',') AS field_entry
    FROM biblio_subfield
    WHERE (bibid, fieldid) IN (
        SELECT bibid, MIN(fieldid) + 1
        FROM biblio_subfield
        GROUP BY bibid
    )
    GROUP BY bibid
) author_field ON bc.bibid = author_field.bibid;
.end sql



